// Jest Snapshot v1, https://goo.gl/fbAQLP

exports[`renders homepage unchanged 1`] = `
<div>
  <main>
    <nav
      style="margin-bottom: 40px;"
    >
      <div
        class="css-k008qs"
      >
        <div
          class="css-0"
        >
          <h2
            class="chakra-heading css-116cak5"
          >
            Image Viewer App
          </h2>
          <h2
            class="chakra-heading css-l3f0hq"
          >
            Select images to download
          </h2>
        </div>
        <div
          class="css-17xejub"
        />
        <div
          class="css-70qvj9"
        >
          <button
            class="chakra-button css-h9nxyl"
            data-testid="download-button"
            disabled=""
            type="button"
          >
            <span
              class="chakra-button__icon css-1wh2kri"
            >
              <svg
                aria-hidden="true"
                class="chakra-icon css-onkibi"
                focusable="false"
                viewBox="0 0 14 14"
              >
                <path
                  d="M11.2857,6.05714 L10.08571,4.85714 L7.85714,7.14786 L7.85714,1 L6.14286,1 L6.14286,7.14786 L3.91429,4.85714 L2.71429,6.05714 L7,10.42857 L11.2857,6.05714 Z M1,11.2857 L1,13 L13,13 L13,11.2857 L1,11.2857 Z"
                  fill="currentColor"
                />
              </svg>
            </span>
            Download Selected Files
          </button>
          <button
            class="chakra-button css-5c2176"
            type="button"
          >
            Upload
          </button>
        </div>
      </div>
    </nav>
    <div
      class="gallery css-rtde4j"
    >
      <p>
        Loading...
      </p>
    </div>
  </main>
</div>
`;
